<html>
<head>
  <link href="/css/one.css" rel="stylesheet">
  <link href="/css/two.css" rel="stylesheet">
</head>
</html>