<html>
<head></head>
<body>
<script type="text/javascript" src="scripts/this.js"></script>
<script type="text/javascript" src="scripts/that.js"></script>
</body>
</html>